Verdict: APPROVE

Retrieval adequacy: adequate

Strengths
- Explicitly defers ungrounded lower-tertiary mapping requirements.
- Uses existing architectural patterns (FDAS lazy-load API in `fdas/api.py` and `fdas/__init__.py`).
- Strictly bounds `build_cost_disclosure_benchmark` to rely on #336 outputs rather than introducing inline comparability heuristics.

Findings by severity
- **Critical:** None.
- **High:** None.
- **Medium:** The reliance on #336 outputs for comparability in `build_cost_disclosure_benchmark` assumes #336 will provide a definitive "comparable/not-comparable" flag. If #336 only provides normalized currency without enforcing basis-matching, this plan lacks a fallback mechanism to prevent mixed-basis comparisons.
- **Low:** The plan lists modifying `tests/test_query_api.py` as "if needed". Given the current `fdas` lazy-loading architecture relies heavily on `__getattr__` in `fdas/__init__.py`, adding tests to `tests/test_query_api.py` for the new `disclosure` namespace should be mandatory to prevent top-level regressions.

Missing tests
- Test validating the behavior of `build_cost_disclosure_benchmark` when the input lacks sufficient metadata to determine comparability against the derived #336 views.
- Test ensuring the lazy-loaded `wed.fdas.disclosure` handles missing or malformed foundational inputs gracefully without breaking the rest of the `wed.fdas` package.

Scope creep concerns
- None identified; the plan aggressively prunes scope and establishes clear boundaries.

Weakest assumption
- Assuming that `predictor_input` (used by `CostPredictor`) natively contains the requisite metadata to successfully execute a strict comparability match against the derived `project_revision_view`.

Most likely implementation failure mode
- Modifying the custom `__getattr__` implementation in `src/worldenergydata/fdas/__init__.py` to add the disclosure namespace inadvertently breaks or shadows the existing `economics` lazy export.

Most likely test gap
- Missing negative test cases for edge-case `CostPredictor` payloads that trigger false-positive comparisons when interacting with sparse `project_revision_view` data.

Future issues suggested
- Dedicated child issue to establish the deferred lower-tertiary field-to-project disclosure mapping contract.
- Implementation of lease-level or well-level disclosure analytics once #334 inputs support more granular granularity.

Review confidence
High
